<html>
<body>
<pre>
<h1>µVision Build Log</h1>
<h2>Tool Versions:</h2>
IDE-Version: ¦ÌVision V5.37.0.0
Copyright (C) 2022 ARM Ltd and ARM Germany GmbH. All rights reserved.
License Information: 1 2871512261@qq.com, 1, LIC=BUURY-IVSCM-45FT5-G7AA3-8QH6U-A504M
 
Tool Versions:
Toolchain:       MDK-ARM Plus  Version: 5.37.0.0
Toolchain Path:  D:\keil5\core\ARM\ARMCC\Bin
C Compiler:      Armcc.exe V5.06 update 7 (build 960)
Assembler:       Armasm.exe V5.06 update 7 (build 960)
Linker/Locator:  ArmLink.exe V5.06 update 7 (build 960)
Library Manager: ArmAr.exe V5.06 update 7 (build 960)
Hex Converter:   FromElf.exe V5.06 update 7 (build 960)
CPU DLL:         SARMCM3.DLL V5.37.0.0
Dialog DLL:      DCM.DLL V1.17.5.0
Target DLL:      Segger\JL2CM3.dll V2.99.42.0
Dialog DLL:      TCM.DLL V1.56.1.0
 
<h2>Project:</h2>
C:\Users\28715\Desktop\robomaster_c\DM4310Keil\MDK-ARM\DM4310Keil.uvprojx
Project File Date:  01/24/2026

<h2>Output:</h2>
*** Using Compiler 'V5.06 update 7 (build 960)', folder: 'D:\keil5\core\ARM\ARMCC\Bin'
Rebuild target 'DM4310Keil'
Note: source file '..\user\CAN.c' - object file renamed from 'DM4310Keil\CAN.o' to 'DM4310Keil\can_1.o'.
assembling startup_stm32f407xx.s...
compiling gpio.c...
compiling stm32f4xx_hal_flash_ramfunc.c...
compiling can.c...
compiling stm32f4xx_hal_flash.c...
compiling stm32f4xx_hal_dma_ex.c...
compiling stm32f4xx_hal_msp.c...
compiling stm32f4xx_it.c...
compiling stm32f4xx_hal_gpio.c...
compiling main.c...
../Core/Src/main.c(129): warning:  #223-D: function "PIDInit" declared implicitly
    PIDInit(&pid_data,4000,4000,4000);
../Core/Src/main.c(130): warning:  #223-D: function "PID_Changegoal" declared implicitly
    PID_Changegoal(&pid_data, 50);
../Core/Src/main.c(131): warning:  #223-D: function "DM4310_Tx_Data_Init" declared implicitly
    DM4310_Tx_Data_Init(&DM4310_Tx_Data,0,0,0,0, 50);
../Core/Src/main.c(132): warning:  #223-D: function "DM4310_Control" declared implicitly
    DM4310_Control(&hcan1,&DM4310_Tx_Data);
../Core/Src/main.c: 4 warnings, 0 errors
compiling stm32f4xx_hal_rcc_ex.c...
compiling stm32f4xx_hal_rcc.c...
compiling stm32f4xx_hal_flash_ex.c...
compiling stm32f4xx_hal_can.c...
compiling stm32f4xx_hal_dma.c...
compiling stm32f4xx_hal_cortex.c...
compiling stm32f4xx_hal_pwr_ex.c...
compiling stm32f4xx_hal_pwr.c...
compiling stm32f4xx_hal.c...
compiling CAN.c...
..\user\can.h(75): warning:  #1-D: last line of file ends without a newline
  		
..\user\CAN.h(75): warning:  #1-D: last line of file ends without a newline
  		
..\user\CAN.c(170): warning:  #1-D: last line of file ends without a newline
  }
..\user\CAN.c: 3 warnings, 0 errors
compiling stm32f4xx_hal_exti.c...
compiling system_stm32f4xx.c...
compiling PID.c...
linking...
Program Size: Code=5542 RO-data=442 RW-data=16 ZI-data=1776  
FromELF: creating hex file...
"DM4310Keil\DM4310Keil.axf" - 0 Error(s), 7 Warning(s).

<h2>Software Packages used:</h2>

Package Vendor: ARM
                http://www.keil.com/pack/ARM.CMSIS.5.9.0.pack
                ARM.CMSIS.5.9.0
                CMSIS (Common Microcontroller Software Interface Standard)
   * Component: CORE Version: 5.6.0

Package Vendor: Keil
                https://www.keil.com/pack/Keil.STM32F4xx_DFP.3.1.1.pack
                Keil.STM32F4xx_DFP.3.1.1
                STMicroelectronics STM32F4 Series Device Support

<h2>Collection of Component include folders:</h2>
  ./RTE/_DM4310Keil
  D:/keil5/pack/ARM/CMSIS/5.9.0/CMSIS/Core/Include

<h2>Collection of Component Files used:</h2>

   * Component: ARM::CMSIS:CORE:5.6.0
      Include file:  CMSIS/Core/Include/tz_context.h
Build Time Elapsed:  00:00:04
</pre>
</body>
</html>
